
🧠 SysPilot Answer:

Operating System refers to the software environment that runs programs on computers. It includes various systems, such as Linux, Windows, and MacOS operating systems. For more information, you can refer to Wikipedia or technical manuals like Microsoft Windows 10 Professional Setup Guide.[0m

────────────────────────────────────────────────────────────
